[18:48:24] [main/INFO] (Launcher) ModLauncher running: args [--launchTarget, neoforgeclientdev, --version, 21.8.32, --assetIndex, 1.21.8-26, --assetsDir, C:\Users\alois\.gradle\caches\fabric-loom\assets, --fml.fmlVersion, 9.0.16, --fml.mcVersion, 1.21.8, --fml.neoForgeVersion, 21.8.32, --fml.neoFormVersion, 20250717.133445, -XX:+AllowEnhancedClassRedefinition]
[18:48:24] [main/INFO] (Launcher) JVM identified as Oracle Corporation Java HotSpot(TM) 64-Bit Server VM 21.0.2+13-LTS-58
[18:48:24] [main/INFO] (Launcher) ModLauncher 9.0 starting: java version 21.0.2 by Oracle Corporation; OS Windows 11 arch amd64 version 10.0
[18:48:25] [main/INFO] (ImmediateWindowHandler) Loading ImmediateWindowProvider fmlearlywindow
[18:48:25] [main/INFO] (mixin) SpongePowered MIXIN Subsystem Version=0.8.7 Source=union:/C:/Users/alois/.gradle/caches/modules-2/files-2.1/net.fabricmc/sponge-mixin/0.15.2+mixin.0.8.7/2af2f021d8e02a0220dc27a7a72b4666d66d44ca/sponge-mixin-0.15.2+mixin.0.8.7.jar%23122!/ Service=ModLauncher Env=CLIENT
[18:48:25] [main/INFO] (ModDiscoverer) Found mod file "neoforge-21.8.32-minecraft-merged-1.21.8-loom.mappings.1_21_8.layered+hash.2093658417-v2-neoforge-21.8.32.jar" [locator: neoforge devenv provider ([C:\Users\alois\.gradle\caches\fabric-loom\minecraftMaven\net\minecraft\neoforge-21.8.32-minecraft-merged\1.21.8-loom.mappings.1_21_8.layered+hash.2093658417-v2-neoforge-21.8.32\neoforge-21.8.32-minecraft-merged-1.21.8-loom.mappings.1_21_8.layered+hash.2093658417-v2-neoforge-21.8.32.jar])]
[18:48:25] [fml-loadingscreen/INFO] (LoadingScreenRenderer) GL info: AMD Radeon (TM) Graphics GL version 3.2.0 Core Profile Context 25.8.1.250617, ATI Technologies Inc.
[18:48:25] [main/INFO] (ModDiscoverer) Found mod file "neoforge-21.8.32-minecraft-merged-1.21.8-loom.mappings.1_21_8.layered+hash.2093658417-v2-neoforge-21.8.32.jar" [locator: neoforge devenv provider ([C:\Users\alois\.gradle\caches\fabric-loom\minecraftMaven\net\minecraft\neoforge-21.8.32-minecraft-merged\1.21.8-loom.mappings.1_21_8.layered+hash.2093658417-v2-neoforge-21.8.32\neoforge-21.8.32-minecraft-merged-1.21.8-loom.mappings.1_21_8.layered+hash.2093658417-v2-neoforge-21.8.32.jar])]
[18:48:25] [main/INFO] (ModDiscoverer) Found mod file "main" [locator: userdev mods and services, reader: mod manifest]
[18:48:25] [main/INFO] (ModDiscoverer) Found mod file "neoforge-21.8.32-minecraft-merged-1.21.8-loom.mappings.1_21_8.layered+hash.2093658417-v2-neoforge-21.8.32.jar" [locator: userdev mods and services, reader: mod manifest]
[18:48:25] [main/INFO] (ModDiscoverer) Found mod file "architectury-neoforge-17.0.8.jar" [locator: userdev mods and services, reader: mod manifest]
[18:48:25] [main/INFO] (ModDiscoverer) Found mod file "46417293264260564.jar" [locator: userdev mods and services, reader: mod manifest]
[18:48:25] [main/INFO] (ModDiscoverer) Found gamelibrary file "mixinextras-neoforge-0.5.0.jar" [locator: userdev mods and services, reader: mod manifest]
[18:48:26] [main/WARN] (JarSelector) Attempted to select a dependency jar for JarJar which was passed in as source: library:mixinextras.neoforge. Using Mod File: C:\Users\alois\.gradle\caches\modules-2\files-2.1\io.github.llamalad7\mixinextras-neoforge\0.5.0\d734b83ce6542bb70ea31755c1595b88992dbe65\mixinextras-neoforge-0.5.0.jar
[18:48:26] [main/INFO] (JarInJarDependencyLocator) Found 1 dependencies adding them to mods collection
[18:48:26] [main/INFO] (ModDiscoverer) Found library file "net.neoforged.neoforge-coremods-21.8.32.jar" [parent: neoforge-21.8.32-minecraft-merged-1.21.8-loom.mappings.1_21_8.layered+hash.2093658417-v2-neoforge-21.8.32.jar, locator: jarinjar, reader: mod manifest]
[18:48:26] [main/INFO] (ModDiscoverer) 
     Mod List:
		Name Version (Mod Id)

		Architectury 17.0.8 (architectury)
		generated_679a8f2 1 (generated_679a8f2)
		Minecraft 1.21.8 (minecraft)
		Mossify 0.1.0 (mossify)
		NeoForge 21.8.32 (neoforge)
[18:48:26] [main/INFO] (mixin) Compatibility level set to JAVA_21
[18:48:26] [main/INFO] (LaunchServiceHandler) Launching target 'neoforgeclientdev' with arguments [--version, 21.8.32, --assetsDir, C:\Users\alois\.gradle\caches\fabric-loom\assets, --assetIndex, 1.21.8-26, -XX:+AllowEnhancedClassRedefinition]
[16Aug2025 18:48:26.741] [main/INFO] [unprotect/]: Found 9469 Minecraft classes
[16Aug2025 18:48:26.766] [main/INFO] [mixin/]: Attempting to load Hot-Swap agent
[16Aug2025 18:48:28.989] [Datafixer Bootstrap/INFO] [com.mojang.datafixers.DataFixerBuilder/]: 272 Datafixer optimizations took 555 milliseconds
[16Aug2025 18:48:29.112] [pool-11-thread-1/INFO] [MixinExtras|Service/]: Initializing MixinExtras via com.llamalad7.mixinextras.service.MixinExtrasServiceImpl(version=0.5.0).
[16Aug2025 18:48:35.738] [main/WARN] [net.minecraft.server.command.CommandManager/]: Ambiguity between arguments [teleport, location] and [teleport, destination] with inputs: [0.1 -0.5 .9, 0 0 0]
[16Aug2025 18:48:35.740] [main/WARN] [net.minecraft.server.command.CommandManager/]: Ambiguity between arguments [teleport, location] and [teleport, targets] with inputs: [0.1 -0.5 .9, 0 0 0]
[16Aug2025 18:48:35.743] [main/WARN] [net.minecraft.server.command.CommandManager/]: Ambiguity between arguments [teleport, destination] and [teleport, targets] with inputs: [Player, 0123, @e, dd12be42-52a9-4a91-a8a1-11c01849e498]
[16Aug2025 18:48:35.745] [main/WARN] [net.minecraft.server.command.CommandManager/]: Ambiguity between arguments [teleport, targets] and [teleport, destination] with inputs: [Player, 0123, dd12be42-52a9-4a91-a8a1-11c01849e498]
[16Aug2025 18:48:35.746] [main/WARN] [net.minecraft.server.command.CommandManager/]: Ambiguity between arguments [teleport, targets, location] and [teleport, targets, destination] with inputs: [0.1 -0.5 .9, 0 0 0]
[16Aug2025 18:48:35.747] [main/WARN] [net.minecraft.server.command.CommandManager/]: Ambiguity between arguments [waypoint, modify, waypoint, color, reset] and [waypoint, modify, waypoint, color, color] with inputs: [reset]
[16Aug2025 18:48:35.821] [modloading-worker-0/ERROR] [net.neoforged.neoforge.common.OnlyInWarningsHandler/]: The mod architectury uses the @OnlyIn annotation; the runtime member-stripping behaviour of this annotation is no longer present, which may lead to issues if that behaviour was relied upon
[16Aug2025 18:48:35.822] [modloading-worker-0/ERROR] [net.neoforged.neoforge.common.OnlyInWarningsHandler/]: @OnlyIn used on method dev.architectury.utils.GameInstance.getClient()Lnet/minecraft/client/MinecraftClient;
[16Aug2025 18:48:35.822] [modloading-worker-0/ERROR] [net.neoforged.neoforge.common.OnlyInWarningsHandler/]: @OnlyIn used on class dev.architectury.platform.Mod$ConfigurationScreenProvider
[16Aug2025 18:48:35.822] [modloading-worker-0/ERROR] [net.neoforged.neoforge.common.OnlyInWarningsHandler/]: @OnlyIn used on method dev.architectury.platform.Mod.registerConfigurationScreen(Ldev/architectury/platform/Mod$ConfigurationScreenProvider;)V
[16Aug2025 18:48:35.822] [modloading-worker-0/ERROR] [net.neoforged.neoforge.common.OnlyInWarningsHandler/]: @OnlyIn used on method dev.architectury.hooks.fluid.FluidStackHooks.getColor(Lnet/minecraft/fluid/Fluid;)I
[16Aug2025 18:48:35.822] [modloading-worker-0/ERROR] [net.neoforged.neoforge.common.OnlyInWarningsHandler/]: @OnlyIn used on method dev.architectury.hooks.fluid.FluidStackHooks.getColor(Ldev/architectury/fluid/FluidStack;)I
[16Aug2025 18:48:35.822] [modloading-worker-0/ERROR] [net.neoforged.neoforge.common.OnlyInWarningsHandler/]: @OnlyIn used on method dev.architectury.hooks.fluid.FluidStackHooks.getColor(Lnet/minecraft/world/BlockRenderView;Lnet/minecraft/util/math/BlockPos;Lnet/minecraft/fluid/FluidState;)I
[16Aug2025 18:48:35.822] [modloading-worker-0/ERROR] [net.neoforged.neoforge.common.OnlyInWarningsHandler/]: @OnlyIn used on method dev.architectury.hooks.fluid.FluidStackHooks.getFlowingTexture(Lnet/minecraft/fluid/Fluid;)Lnet/minecraft/client/texture/Sprite;
[16Aug2025 18:48:35.822] [modloading-worker-0/ERROR] [net.neoforged.neoforge.common.OnlyInWarningsHandler/]: @OnlyIn used on method dev.architectury.hooks.fluid.FluidStackHooks.getFlowingTexture(Ldev/architectury/fluid/FluidStack;)Lnet/minecraft/client/texture/Sprite;
[16Aug2025 18:48:35.822] [modloading-worker-0/ERROR] [net.neoforged.neoforge.common.OnlyInWarningsHandler/]: @OnlyIn used on method dev.architectury.hooks.fluid.FluidStackHooks.getFlowingTexture(Lnet/minecraft/world/BlockRenderView;Lnet/minecraft/util/math/BlockPos;Lnet/minecraft/fluid/FluidState;)Lnet/minecraft/client/texture/Sprite;
[16Aug2025 18:48:35.823] [modloading-worker-0/ERROR] [net.neoforged.neoforge.common.OnlyInWarningsHandler/]: @OnlyIn used on method dev.architectury.hooks.fluid.FluidStackHooks.getStillTexture(Lnet/minecraft/fluid/Fluid;)Lnet/minecraft/client/texture/Sprite;
[16Aug2025 18:48:35.823] [modloading-worker-0/ERROR] [net.neoforged.neoforge.common.OnlyInWarningsHandler/]: @OnlyIn used on method dev.architectury.hooks.fluid.FluidStackHooks.getStillTexture(Ldev/architectury/fluid/FluidStack;)Lnet/minecraft/client/texture/Sprite;
[16Aug2025 18:48:35.823] [modloading-worker-0/ERROR] [net.neoforged.neoforge.common.OnlyInWarningsHandler/]: @OnlyIn used on method dev.architectury.hooks.fluid.FluidStackHooks.getStillTexture(Lnet/minecraft/world/BlockRenderView;Lnet/minecraft/util/math/BlockPos;Lnet/minecraft/fluid/FluidState;)Lnet/minecraft/client/texture/Sprite;
[16Aug2025 18:48:35.823] [modloading-worker-0/ERROR] [net.neoforged.neoforge.common.OnlyInWarningsHandler/]: @OnlyIn used on method dev.architectury.hooks.fluid.forge.FluidStackHooksImpl.getColor(Lnet/minecraft/fluid/Fluid;)I
[16Aug2025 18:48:35.823] [modloading-worker-0/ERROR] [net.neoforged.neoforge.common.OnlyInWarningsHandler/]: @OnlyIn used on method dev.architectury.hooks.fluid.forge.FluidStackHooksImpl.getColor(Ldev/architectury/fluid/FluidStack;)I
[16Aug2025 18:48:35.823] [modloading-worker-0/ERROR] [net.neoforged.neoforge.common.OnlyInWarningsHandler/]: @OnlyIn used on method dev.architectury.hooks.fluid.forge.FluidStackHooksImpl.getColor(Lnet/minecraft/world/BlockRenderView;Lnet/minecraft/util/math/BlockPos;Lnet/minecraft/fluid/FluidState;)I
[16Aug2025 18:48:35.823] [modloading-worker-0/ERROR] [net.neoforged.neoforge.common.OnlyInWarningsHandler/]: @OnlyIn used on method dev.architectury.hooks.fluid.forge.FluidStackHooksImpl.getFlowingTexture(Lnet/minecraft/fluid/Fluid;)Lnet/minecraft/client/texture/Sprite;
[16Aug2025 18:48:35.823] [modloading-worker-0/ERROR] [net.neoforged.neoforge.common.OnlyInWarningsHandler/]: @OnlyIn used on method dev.architectury.hooks.fluid.forge.FluidStackHooksImpl.getFlowingTexture(Ldev/architectury/fluid/FluidStack;)Lnet/minecraft/client/texture/Sprite;
[16Aug2025 18:48:35.823] [modloading-worker-0/ERROR] [net.neoforged.neoforge.common.OnlyInWarningsHandler/]: @OnlyIn used on method dev.architectury.hooks.fluid.forge.FluidStackHooksImpl.getFlowingTexture(Lnet/minecraft/world/BlockRenderView;Lnet/minecraft/util/math/BlockPos;Lnet/minecraft/fluid/FluidState;)Lnet/minecraft/client/texture/Sprite;
[16Aug2025 18:48:35.823] [modloading-worker-0/ERROR] [net.neoforged.neoforge.common.OnlyInWarningsHandler/]: @OnlyIn used on method dev.architectury.hooks.fluid.forge.FluidStackHooksImpl.getStillTexture(Lnet/minecraft/fluid/Fluid;)Lnet/minecraft/client/texture/Sprite;
[16Aug2025 18:48:35.823] [modloading-worker-0/ERROR] [net.neoforged.neoforge.common.OnlyInWarningsHandler/]: @OnlyIn used on method dev.architectury.hooks.fluid.forge.FluidStackHooksImpl.getStillTexture(Ldev/architectury/fluid/FluidStack;)Lnet/minecraft/client/texture/Sprite;
[16Aug2025 18:48:35.823] [modloading-worker-0/ERROR] [net.neoforged.neoforge.common.OnlyInWarningsHandler/]: @OnlyIn used on method dev.architectury.hooks.fluid.forge.FluidStackHooksImpl.getStillTexture(Lnet/minecraft/world/BlockRenderView;Lnet/minecraft/util/math/BlockPos;Lnet/minecraft/fluid/FluidState;)Lnet/minecraft/client/texture/Sprite;
[16Aug2025 18:48:35.823] [modloading-worker-0/ERROR] [net.neoforged.neoforge.common.OnlyInWarningsHandler/]: @OnlyIn used on class dev.architectury.hooks.client.screen.ScreenHooks
[16Aug2025 18:48:35.823] [modloading-worker-0/ERROR] [net.neoforged.neoforge.common.OnlyInWarningsHandler/]: @OnlyIn used on method dev.architectury.core.fluid.ArchitecturyFluidAttributesForge.initializeClient()Lnet/neoforged/neoforge/client/extensions/common/IClientFluidTypeExtensions;
[16Aug2025 18:48:35.824] [modloading-worker-0/ERROR] [net.neoforged.neoforge.common.OnlyInWarningsHandler/]: @OnlyIn used on method dev.architectury.core.fluid.ArchitecturyFluidAttributesForge.registerClient()V
[16Aug2025 18:48:35.824] [modloading-worker-0/ERROR] [net.neoforged.neoforge.common.OnlyInWarningsHandler/]: @OnlyIn used on method dev.architectury.networking.NetworkManager.canServerReceive(Lnet/minecraft/network/packet/CustomPayload$Id;)Z
[16Aug2025 18:48:35.824] [modloading-worker-0/ERROR] [net.neoforged.neoforge.common.OnlyInWarningsHandler/]: @OnlyIn used on method dev.architectury.networking.NetworkManager.canServerReceive(Lnet/minecraft/util/Identifier;)Z
[16Aug2025 18:48:35.824] [modloading-worker-0/ERROR] [net.neoforged.neoforge.common.OnlyInWarningsHandler/]: @OnlyIn used on method dev.architectury.networking.NetworkManager.sendToServer(Lnet/minecraft/network/packet/CustomPayload;)V
[16Aug2025 18:48:35.824] [modloading-worker-0/ERROR] [net.neoforged.neoforge.common.OnlyInWarningsHandler/]: @OnlyIn used on method dev.architectury.networking.NetworkManager.sendToServer(Lnet/minecraft/util/Identifier;Lnet/minecraft/network/RegistryByteBuf;)V
[16Aug2025 18:48:35.824] [modloading-worker-0/ERROR] [net.neoforged.neoforge.common.OnlyInWarningsHandler/]: @OnlyIn used on method dev.architectury.networking.NetworkChannel.canServerReceive(Ljava/lang/Class;)Z
[16Aug2025 18:48:35.824] [modloading-worker-0/ERROR] [net.neoforged.neoforge.common.OnlyInWarningsHandler/]: @OnlyIn used on method dev.architectury.networking.NetworkChannel.sendToServer(Ljava/lang/Object;)V
[16Aug2025 18:48:35.824] [modloading-worker-0/ERROR] [net.neoforged.neoforge.common.OnlyInWarningsHandler/]: @OnlyIn used on method dev.architectury.networking.SpawnEntityPacket$Client.receive(Ldev/architectury/networking/SpawnEntityPacket$PacketPayload;Ldev/architectury/networking/NetworkManager$PacketContext;)V
[16Aug2025 18:48:35.824] [modloading-worker-0/ERROR] [net.neoforged.neoforge.common.OnlyInWarningsHandler/]: @OnlyIn used on method dev.architectury.networking.SpawnEntityPacket$Client.register()V
[16Aug2025 18:48:35.824] [modloading-worker-0/ERROR] [net.neoforged.neoforge.common.OnlyInWarningsHandler/]: @OnlyIn used on class dev.architectury.networking.SpawnEntityPacket$Client
[16Aug2025 18:48:35.824] [modloading-worker-0/ERROR] [net.neoforged.neoforge.common.OnlyInWarningsHandler/]: @OnlyIn used on method dev.architectury.networking.simple.BaseC2SMessage.sendToServer()V
[16Aug2025 18:48:35.824] [modloading-worker-0/ERROR] [net.neoforged.neoforge.common.OnlyInWarningsHandler/]: @OnlyIn used on method dev.architectury.networking.forge.NetworkManagerImpl.canServerReceive(Lnet/minecraft/util/Identifier;)Z
[16Aug2025 18:48:35.824] [modloading-worker-0/ERROR] [net.neoforged.neoforge.common.OnlyInWarningsHandler/]: @OnlyIn used on method dev.architectury.networking.transformers.PacketSink.client()Ldev/architectury/networking/transformers/PacketSink;
[16Aug2025 18:48:35.824] [modloading-worker-0/ERROR] [net.neoforged.neoforge.common.OnlyInWarningsHandler/]: @OnlyIn used on method dev.architectury.networking.transformers.SplitPacketTransformer$Client.init()V
[16Aug2025 18:48:35.824] [modloading-worker-0/ERROR] [net.neoforged.neoforge.common.OnlyInWarningsHandler/]: @OnlyIn used on method dev.architectury.registry.forge.ReloadListenerRegistryImpl.addClientReloadListeners(Lnet/neoforged/neoforge/client/event/AddClientReloadListenersEvent;)V
[16Aug2025 18:48:35.825] [modloading-worker-0/ERROR] [net.neoforged.neoforge.common.OnlyInWarningsHandler/]: @OnlyIn used on method dev.architectury.registry.menu.MenuRegistry.registerScreenFactory(Lnet/minecraft/screen/ScreenHandlerType;Ldev/architectury/registry/menu/MenuRegistry$ScreenFactory;)V
[16Aug2025 18:48:35.825] [modloading-worker-0/ERROR] [net.neoforged.neoforge.common.OnlyInWarningsHandler/]: @OnlyIn used on class dev.architectury.registry.menu.MenuRegistry$ScreenFactory
[16Aug2025 18:48:35.825] [modloading-worker-0/ERROR] [net.neoforged.neoforge.common.OnlyInWarningsHandler/]: @OnlyIn used on method dev.architectury.registry.menu.forge.MenuRegistryImpl.registerScreenFactory(Lnet/minecraft/screen/ScreenHandlerType;Ldev/architectury/registry/menu/MenuRegistry$ScreenFactory;)V
[16Aug2025 18:48:35.825] [modloading-worker-0/ERROR] [net.neoforged.neoforge.common.OnlyInWarningsHandler/]: @OnlyIn used on class dev.architectury.registry.client.keymappings.KeyMappingRegistry
[16Aug2025 18:48:35.825] [modloading-worker-0/ERROR] [net.neoforged.neoforge.common.OnlyInWarningsHandler/]: @OnlyIn used on class dev.architectury.registry.client.gui.forge.ClientTooltipComponentRegistryImpl
[16Aug2025 18:48:35.825] [modloading-worker-0/ERROR] [net.neoforged.neoforge.common.OnlyInWarningsHandler/]: @OnlyIn used on class dev.architectury.registry.client.gui.ClientTooltipComponentRegistry
[16Aug2025 18:48:35.825] [modloading-worker-0/ERROR] [net.neoforged.neoforge.common.OnlyInWarningsHandler/]: @OnlyIn used on class dev.architectury.registry.client.level.entity.EntityRendererRegistry
[16Aug2025 18:48:35.825] [modloading-worker-0/ERROR] [net.neoforged.neoforge.common.OnlyInWarningsHandler/]: @OnlyIn used on class dev.architectury.registry.client.level.entity.EntityModelLayerRegistry
[16Aug2025 18:48:35.825] [modloading-worker-0/ERROR] [net.neoforged.neoforge.common.OnlyInWarningsHandler/]: @OnlyIn used on class dev.architectury.registry.client.particle.ParticleProviderRegistry
[16Aug2025 18:48:35.825] [modloading-worker-0/ERROR] [net.neoforged.neoforge.common.OnlyInWarningsHandler/]: @OnlyIn used on class dev.architectury.registry.client.rendering.BlockEntityRendererRegistry
[16Aug2025 18:48:35.825] [modloading-worker-0/ERROR] [net.neoforged.neoforge.common.OnlyInWarningsHandler/]: @OnlyIn used on class dev.architectury.registry.client.rendering.RenderTypeRegistry
[16Aug2025 18:48:35.825] [modloading-worker-0/ERROR] [net.neoforged.neoforge.common.OnlyInWarningsHandler/]: @OnlyIn used on class dev.architectury.registry.client.rendering.ColorHandlerRegistry
[16Aug2025 18:48:35.826] [modloading-worker-0/ERROR] [net.neoforged.neoforge.common.OnlyInWarningsHandler/]: @OnlyIn used on method dev.architectury.event.EventHandler.registerServer()V
[16Aug2025 18:48:35.826] [modloading-worker-0/ERROR] [net.neoforged.neoforge.common.OnlyInWarningsHandler/]: @OnlyIn used on method dev.architectury.event.EventHandler.registerClient()V
[16Aug2025 18:48:35.826] [modloading-worker-0/ERROR] [net.neoforged.neoforge.common.OnlyInWarningsHandler/]: @OnlyIn used on class dev.architectury.event.forge.EventHandlerImplServer
[16Aug2025 18:48:35.826] [modloading-worker-0/ERROR] [net.neoforged.neoforge.common.OnlyInWarningsHandler/]: @OnlyIn used on class dev.architectury.event.forge.EventHandlerImplServer$ModBasedEventHandler
[16Aug2025 18:48:35.826] [modloading-worker-0/ERROR] [net.neoforged.neoforge.common.OnlyInWarningsHandler/]: @OnlyIn used on class dev.architectury.event.forge.EventHandlerImplClient
[16Aug2025 18:48:35.826] [modloading-worker-0/ERROR] [net.neoforged.neoforge.common.OnlyInWarningsHandler/]: @OnlyIn used on class dev.architectury.event.forge.EventHandlerImplClient$ModBasedEventHandler
[16Aug2025 18:48:35.826] [modloading-worker-0/ERROR] [net.neoforged.neoforge.common.OnlyInWarningsHandler/]: @OnlyIn used on method dev.architectury.event.forge.EventHandlerImpl.registerServer()V
[16Aug2025 18:48:35.826] [modloading-worker-0/ERROR] [net.neoforged.neoforge.common.OnlyInWarningsHandler/]: @OnlyIn used on method dev.architectury.event.forge.EventHandlerImpl.registerClient()V
[16Aug2025 18:48:35.826] [modloading-worker-0/ERROR] [net.neoforged.neoforge.common.OnlyInWarningsHandler/]: @OnlyIn used on class dev.architectury.event.events.client.ClientTooltipEvent$Item
[16Aug2025 18:48:35.826] [modloading-worker-0/ERROR] [net.neoforged.neoforge.common.OnlyInWarningsHandler/]: @OnlyIn used on class dev.architectury.event.events.client.ClientGuiEvent$ContainerScreenRenderForeground
[16Aug2025 18:48:35.826] [modloading-worker-0/ERROR] [net.neoforged.neoforge.common.OnlyInWarningsHandler/]: @OnlyIn used on class dev.architectury.event.events.client.ClientTooltipEvent$RenderModifyPosition
[16Aug2025 18:48:35.826] [modloading-worker-0/ERROR] [net.neoforged.neoforge.common.OnlyInWarningsHandler/]: @OnlyIn used on class dev.architectury.event.events.client.ClientPlayerEvent$ClientPlayerJoin
[16Aug2025 18:48:35.827] [modloading-worker-0/ERROR] [net.neoforged.neoforge.common.OnlyInWarningsHandler/]: @OnlyIn used on class dev.architectury.event.events.client.ClientChatEvent$Received
[16Aug2025 18:48:35.827] [modloading-worker-0/ERROR] [net.neoforged.neoforge.common.OnlyInWarningsHandler/]: @OnlyIn used on class dev.architectury.event.events.client.ClientScreenInputEvent
[16Aug2025 18:48:35.827] [modloading-worker-0/ERROR] [net.neoforged.neoforge.common.OnlyInWarningsHandler/]: @OnlyIn used on class dev.architectury.event.events.client.ClientGuiEvent$ScreenInitPre
[16Aug2025 18:48:35.827] [modloading-worker-0/ERROR] [net.neoforged.neoforge.common.OnlyInWarningsHandler/]: @OnlyIn used on class dev.architectury.event.events.client.ClientGuiEvent$ScreenRenderPost
[16Aug2025 18:48:35.827] [modloading-worker-0/ERROR] [net.neoforged.neoforge.common.OnlyInWarningsHandler/]: @OnlyIn used on class dev.architectury.event.events.client.ClientSystemMessageEvent$Received
[16Aug2025 18:48:35.827] [modloading-worker-0/ERROR] [net.neoforged.neoforge.common.OnlyInWarningsHandler/]: @OnlyIn used on class dev.architectury.event.events.client.ClientGuiEvent$ScreenInitPost
[16Aug2025 18:48:35.827] [modloading-worker-0/ERROR] [net.neoforged.neoforge.common.OnlyInWarningsHandler/]: @OnlyIn used on class dev.architectury.event.events.client.ClientPlayerEvent
[16Aug2025 18:48:35.827] [modloading-worker-0/ERROR] [net.neoforged.neoforge.common.OnlyInWarningsHandler/]: @OnlyIn used on class dev.architectury.event.events.client.ClientTickEvent$Client
[16Aug2025 18:48:35.827] [modloading-worker-0/ERROR] [net.neoforged.neoforge.common.OnlyInWarningsHandler/]: @OnlyIn used on class dev.architectury.event.events.client.ClientTooltipEvent$PositionContext
[16Aug2025 18:48:35.827] [modloading-worker-0/ERROR] [net.neoforged.neoforge.common.OnlyInWarningsHandler/]: @OnlyIn used on class dev.architectury.event.events.client.ClientGuiEvent$ContainerScreenRenderBackground
[16Aug2025 18:48:35.827] [modloading-worker-0/ERROR] [net.neoforged.neoforge.common.OnlyInWarningsHandler/]: @OnlyIn used on class dev.architectury.event.events.client.ClientTooltipEvent
[16Aug2025 18:48:35.827] [modloading-worker-0/ERROR] [net.neoforged.neoforge.common.OnlyInWarningsHandler/]: @OnlyIn used on class dev.architectury.event.events.client.ClientPlayerEvent$ClientPlayerRespawn
[16Aug2025 18:48:35.827] [modloading-worker-0/ERROR] [net.neoforged.neoforge.common.OnlyInWarningsHandler/]: @OnlyIn used on class dev.architectury.event.events.client.ClientRawInputEvent
[16Aug2025 18:48:35.827] [modloading-worker-0/ERROR] [net.neoforged.neoforge.common.OnlyInWarningsHandler/]: @OnlyIn used on class dev.architectury.event.events.client.ClientGuiEvent
[16Aug2025 18:48:35.827] [modloading-worker-0/ERROR] [net.neoforged.neoforge.common.OnlyInWarningsHandler/]: @OnlyIn used on class dev.architectury.event.events.client.ClientLifecycleEvent
[16Aug2025 18:48:35.827] [modloading-worker-0/ERROR] [net.neoforged.neoforge.common.OnlyInWarningsHandler/]: @OnlyIn used on class dev.architectury.event.events.client.ClientChatEvent$Send
[16Aug2025 18:48:35.827] [modloading-worker-0/ERROR] [net.neoforged.neoforge.common.OnlyInWarningsHandler/]: @OnlyIn used on class dev.architectury.event.events.client.ClientGuiEvent$DebugText
[16Aug2025 18:48:35.827] [modloading-worker-0/ERROR] [net.neoforged.neoforge.common.OnlyInWarningsHandler/]: @OnlyIn used on class dev.architectury.event.events.client.ClientTickEvent$ClientLevel
[16Aug2025 18:48:35.828] [modloading-worker-0/ERROR] [net.neoforged.neoforge.common.OnlyInWarningsHandler/]: @OnlyIn used on class dev.architectury.event.events.client.ClientSystemMessageEvent
[16Aug2025 18:48:35.828] [modloading-worker-0/ERROR] [net.neoforged.neoforge.common.OnlyInWarningsHandler/]: @OnlyIn used on class dev.architectury.event.events.client.ClientChatEvent
[16Aug2025 18:48:35.828] [modloading-worker-0/ERROR] [net.neoforged.neoforge.common.OnlyInWarningsHandler/]: @OnlyIn used on class dev.architectury.event.events.client.ClientTickEvent
[16Aug2025 18:48:35.828] [modloading-worker-0/ERROR] [net.neoforged.neoforge.common.OnlyInWarningsHandler/]: @OnlyIn used on class dev.architectury.event.events.client.ClientPlayerEvent$ClientPlayerQuit
[16Aug2025 18:48:35.828] [modloading-worker-0/ERROR] [net.neoforged.neoforge.common.OnlyInWarningsHandler/]: @OnlyIn used on class dev.architectury.event.events.client.ClientRecipeUpdateEvent
[16Aug2025 18:48:35.828] [modloading-worker-0/ERROR] [net.neoforged.neoforge.common.OnlyInWarningsHandler/]: @OnlyIn used on class dev.architectury.event.events.client.ClientGuiEvent$ScreenRenderPre
[16Aug2025 18:48:35.828] [modloading-worker-0/ERROR] [net.neoforged.neoforge.common.OnlyInWarningsHandler/]: @OnlyIn used on class dev.architectury.event.events.client.ClientGuiEvent$RenderHud
[16Aug2025 18:48:35.829] [modloading-worker-0/ERROR] [net.neoforged.neoforge.common.OnlyInWarningsHandler/]: @OnlyIn used on class dev.architectury.event.events.client.ClientGuiEvent$SetScreen
[16Aug2025 18:48:35.829] [modloading-worker-0/ERROR] [net.neoforged.neoforge.common.OnlyInWarningsHandler/]: @OnlyIn used on class dev.architectury.event.events.client.ClientLifecycleEvent$ClientLevelState
[16Aug2025 18:48:35.829] [modloading-worker-0/ERROR] [net.neoforged.neoforge.common.OnlyInWarningsHandler/]: @OnlyIn used on class dev.architectury.event.events.client.ClientTooltipEvent$Render
[16Aug2025 18:48:35.829] [modloading-worker-0/ERROR] [net.neoforged.neoforge.common.OnlyInWarningsHandler/]: @OnlyIn used on class dev.architectury.event.events.client.ClientLifecycleEvent$ClientState
[16Aug2025 18:48:35.871] [modloading-worker-0/INFO] [net.neoforged.neoforge.common.NeoForgeMod/NEOFORGE-MOD]: NeoForge mod loading, version 21.8.32, for MC 1.21.8
[16Aug2025 18:48:35.946] [modloading-worker-0/INFO] [Mossify/]: Initialized Mossify on NeoForge
[16Aug2025 18:48:36.405] [main/INFO] [net.minecraft.client.main.Main/]: Completely ignored arguments: [-XX:+AllowEnhancedClassRedefinition]
[16Aug2025 18:48:36.528] [Render thread/WARN] [net.minecraft.resource.DefaultResourcePackBuilder/]: Assets URL 'union:/C:/Users/alois/.gradle/caches/fabric-loom/minecraftMaven/net/minecraft/neoforge-21.8.32-minecraft-merged/1.21.8-loom.mappings.1_21_8.layered+hash.2093658417-v2-neoforge-21.8.32/neoforge-21.8.32-minecraft-merged-1.21.8-loom.mappings.1_21_8.layered+hash.2093658417-v2-neoforge-21.8.32.jar%23221!/assets/.mcassetsroot' uses unexpected schema
[16Aug2025 18:48:36.530] [Render thread/WARN] [net.minecraft.resource.DefaultResourcePackBuilder/]: Assets URL 'union:/C:/Users/alois/.gradle/caches/fabric-loom/minecraftMaven/net/minecraft/neoforge-21.8.32-minecraft-merged/1.21.8-loom.mappings.1_21_8.layered+hash.2093658417-v2-neoforge-21.8.32/neoforge-21.8.32-minecraft-merged-1.21.8-loom.mappings.1_21_8.layered+hash.2093658417-v2-neoforge-21.8.32.jar%23221!/data/.mcassetsroot' uses unexpected schema
[16Aug2025 18:48:36.566] [Render thread/INFO] [com.mojang.authlib.yggdrasil.YggdrasilAuthenticationService/]: Environment: Environment[sessionHost=https://sessionserver.mojang.com, servicesHost=https://api.minecraftservices.com, name=PROD]
[16Aug2025 18:48:36.575] [Render thread/INFO] [net.minecraft.client.MinecraftClient/]: Setting user: Dev
[16Aug2025 18:48:36.712] [Render thread/INFO] [net.minecraft.client.MinecraftClient/]: Backend library: LWJGL version 3.3.3+5
[16Aug2025 18:48:36.854] [Render thread/INFO] [net.minecraft.client.MinecraftClient/]: Using optional rendering extensions: GL_ARB_buffer_storage, GL_KHR_debug, GL_ARB_vertex_attrib_binding, GL_ARB_direct_state_access
[16Aug2025 18:48:37.705] [Render thread/INFO] [net.minecraft.resource.ReloadableResourceManagerImpl/]: Reloading ResourceManager: vanilla, mod_resources, mod/architectury, mod/mossify, mod/generated_679a8f2, mod/neoforge
[16Aug2025 18:48:37.790] [resourceLoad/INFO] [net.minecraft.client.font.UnihexFont/]: Found unifont_all_no_pua-16.0.03.hex, loading
[16Aug2025 18:48:37.791] [resourceLoad/INFO] [net.minecraft.client.font.UnihexFont/]: Found unifont_pua-16.0.03.hex, loading
[16Aug2025 18:48:38.085] [resourceLoad/INFO] [net.minecraft.client.font.UnihexFont/]: Found unifont_jp_patch-16.0.03.hex, loading
[16Aug2025 18:48:39.437] [Render thread/INFO] [net.minecraft.client.sound.SoundEngine/]: OpenAL initialized on device OpenAL Soft on Headphones (WH-CH520)
[16Aug2025 18:48:39.438] [Render thread/INFO] [net.minecraft.client.sound.SoundSystem/SOUNDS]: Sound engine started
[16Aug2025 18:48:39.535] [Render thread/INFO] [net.minecraft.client.texture.SpriteAtlasTexture/]: Created: 1024x512x4 minecraft:textures/atlas/blocks.png-atlas
[16Aug2025 18:48:39.546] [Render thread/INFO] [net.minecraft.client.texture.SpriteAtlasTexture/]: Created: 256x256x4 minecraft:textures/atlas/signs.png-atlas
[16Aug2025 18:48:39.546] [Render thread/INFO] [net.minecraft.client.texture.SpriteAtlasTexture/]: Created: 512x512x4 minecraft:textures/atlas/shield_patterns.png-atlas
[16Aug2025 18:48:39.547] [Render thread/INFO] [net.minecraft.client.texture.SpriteAtlasTexture/]: Created: 512x512x4 minecraft:textures/atlas/banner_patterns.png-atlas
[16Aug2025 18:48:39.549] [Render thread/INFO] [net.minecraft.client.texture.SpriteAtlasTexture/]: Created: 2048x1024x4 minecraft:textures/atlas/armor_trims.png-atlas
[16Aug2025 18:48:39.563] [Render thread/INFO] [net.minecraft.client.texture.SpriteAtlasTexture/]: Created: 256x256x4 minecraft:textures/atlas/chest.png-atlas
[16Aug2025 18:48:39.563] [Render thread/INFO] [net.minecraft.client.texture.SpriteAtlasTexture/]: Created: 128x64x4 minecraft:textures/atlas/decorated_pot.png-atlas
[16Aug2025 18:48:39.564] [Render thread/INFO] [net.minecraft.client.texture.SpriteAtlasTexture/]: Created: 512x256x4 minecraft:textures/atlas/shulker_boxes.png-atlas
[16Aug2025 18:48:39.564] [Render thread/INFO] [net.minecraft.client.texture.SpriteAtlasTexture/]: Created: 512x256x4 minecraft:textures/atlas/beds.png-atlas
[16Aug2025 18:48:39.566] [Render thread/INFO] [net.minecraft.client.texture.SpriteAtlasTexture/]: Created: 64x64x0 minecraft:textures/atlas/map_decorations.png-atlas
[16Aug2025 18:48:39.794] [Render thread/INFO] [net.minecraft.client.texture.SpriteAtlasTexture/]: Created: 512x256x0 minecraft:textures/atlas/particles.png-atlas
[16Aug2025 18:48:39.795] [Render thread/INFO] [net.minecraft.client.texture.SpriteAtlasTexture/]: Created: 512x256x0 minecraft:textures/atlas/paintings.png-atlas
[16Aug2025 18:48:39.795] [Render thread/INFO] [net.minecraft.client.texture.SpriteAtlasTexture/]: Created: 1024x512x0 minecraft:textures/atlas/gui.png-atlas
[16Aug2025 18:48:39.802] [Render thread/INFO] [net.neoforged.neoforge.client.entity.animation.json.AnimationLoader/]: Loaded 0 entity animations
[16Aug2025 18:48:45.647] [Render thread/INFO] [net.minecraft.recipe.ServerRecipeManager/]: Loaded 1407 recipes
[16Aug2025 18:48:45.662] [Render thread/INFO] [net.minecraft.advancement.AdvancementManager/]: Loaded 1520 advancements
[16Aug2025 18:48:45.664] [Render thread/INFO] [net.neoforged.neoforge.common.crafting.RecipePriorityManager/]: Loaded 0 recipe priority overrides
[16Aug2025 18:48:45.855] [Server thread/INFO] [net.minecraft.server.integrated.IntegratedServer/]: Starting integrated minecraft server version 1.21.8
[16Aug2025 18:48:45.855] [Server thread/INFO] [net.minecraft.server.MinecraftServer/]: Generating keypair
[16Aug2025 18:48:46.286] [Server thread/INFO] [net.minecraft.server.MinecraftServer/]: Preparing start region for dimension minecraft:overworld
[16Aug2025 18:48:47.471] [progressListener/INFO] [net.minecraft.server.WorldGenerationProgressLogger/]: Preparing spawn area: 0%
[16Aug2025 18:48:47.471] [progressListener/INFO] [net.minecraft.server.WorldGenerationProgressLogger/]: Preparing spawn area: 0%
[16Aug2025 18:48:47.471] [progressListener/INFO] [net.minecraft.server.WorldGenerationProgressLogger/]: Preparing spawn area: 0%
[16Aug2025 18:48:47.647] [progressListener/INFO] [net.minecraft.server.WorldGenerationProgressLogger/]: Time elapsed: 1310 ms
[16Aug2025 18:48:47.649] [Server thread/INFO] [net.neoforged.neoforge.server.permission.PermissionAPI/]: Successfully initialized permission handler neoforge:default_handler
[16Aug2025 18:48:47.788] [Server thread/INFO] [net.minecraft.server.integrated.IntegratedServer/]: Changing view distance to 12, from 10
[16Aug2025 18:48:47.789] [Server thread/INFO] [net.minecraft.server.integrated.IntegratedServer/]: Changing simulation distance to 12, from 0
[16Aug2025 18:48:49.115] [Server thread/INFO] [net.minecraft.server.PlayerManager/]: Dev[local:E:a54ddfa8] logged in with entity id 122 at (8.757122240137809, 76.0, -0.4169058659258113)
[16Aug2025 18:48:49.172] [Server thread/INFO] [net.minecraft.server.MinecraftServer/]: Dev joined the game
[16Aug2025 18:48:49.309] [Render thread/INFO] [net.minecraft.advancement.AdvancementManager/]: Loaded 14 advancements
[16Aug2025 18:48:49.466] [Render thread/INFO] [net.minecraft.client.gl.DynamicUniformStorage/]: Resizing Dynamic Transforms UBO, capacity limit of 2 reached during a single frame. New capacity will be 4.
[16Aug2025 18:48:49.513] [Render thread/INFO] [net.minecraft.client.gl.DynamicUniformStorage/]: Resizing Dynamic Transforms UBO, capacity limit of 4 reached during a single frame. New capacity will be 8.
[16Aug2025 18:48:49.672] [Render thread/INFO] [net.minecraft.client.gl.DynamicUniformStorage/]: Resizing Dynamic Transforms UBO, capacity limit of 8 reached during a single frame. New capacity will be 16.
[16Aug2025 18:48:49.770] [Render thread/INFO] [net.minecraft.client.gl.DynamicUniformStorage/]: Resizing Dynamic Transforms UBO, capacity limit of 16 reached during a single frame. New capacity will be 32.
[16Aug2025 18:48:49.795] [Render thread/INFO] [net.minecraft.client.gl.DynamicUniformStorage/]: Resizing Dynamic Transforms UBO, capacity limit of 32 reached during a single frame. New capacity will be 64.
[16Aug2025 18:48:49.902] [Render thread/INFO] [net.minecraft.client.gl.DynamicUniformStorage/]: Resizing Dynamic Transforms UBO, capacity limit of 64 reached during a single frame. New capacity will be 128.
[16Aug2025 18:48:50.134] [Render thread/INFO] [net.minecraft.client.gl.DynamicUniformStorage/]: Resizing Dynamic Transforms UBO, capacity limit of 128 reached during a single frame. New capacity will be 256.
[16Aug2025 18:48:50.738] [Render thread/INFO] [net.minecraft.client.gl.DynamicUniformStorage/]: Resizing Dynamic Transforms UBO, capacity limit of 256 reached during a single frame. New capacity will be 512.
[16Aug2025 18:48:51.919] [Render thread/INFO] [net.minecraft.client.gl.DynamicUniformStorage/]: Resizing Dynamic Transforms UBO, capacity limit of 512 reached during a single frame. New capacity will be 1024.
[16Aug2025 18:48:59.255] [Server thread/INFO] [net.minecraft.server.integrated.IntegratedServer/]: Saving and pausing game...
[16Aug2025 18:48:59.299] [Server thread/INFO] [net.minecraft.server.MinecraftServer/]: Saving chunks for level 'ServerLevel[New World]'/minecraft:overworld
[16Aug2025 18:48:59.421] [Server thread/INFO] [net.minecraft.server.MinecraftServer/]: Saving chunks for level 'ServerLevel[New World]'/minecraft:the_nether
[16Aug2025 18:48:59.421] [Server thread/INFO] [net.minecraft.server.MinecraftServer/]: Saving chunks for level 'ServerLevel[New World]'/minecraft:the_end
